// Jest Snapshot v1, https://goo.gl/fbAQLP

exports[`_saveQuestionAnswer returns true for correct data 1`] = `true`;
