// Jest Snapshot v1, https://goo.gl/fbAQLP

exports[`5. Snapshot test tests NewQuestion page with snapshot 1`] = `
{
  "asFragment": [Function],
  "baseElement": <body>
    <div>
      <div
        style="padding: .5rem; max-width: 100%;"
      >
        <div
          style="display: flex; align-items: center; gap: .5rem;"
        >
          <strong
            style="font-size: 1rem;"
          >
            Something went wrong!
          </strong>
          <button
            style="appearance: none; font-size: .6em; border: 1px solid currentcolor; padding: .1rem .2rem; font-weight: bold; border-radius: .25rem;"
          >
            Hide Error
          </button>
        </div>
        <div
          style="height: .25rem;"
        />
        <div>
          <pre
            style="font-size: .7em; border: 1px solid red; border-radius: .25rem; padding: .3rem; color: red; overflow: auto;"
          >
            <code>
              window.matchMedia is not a function
            </code>
          </pre>
        </div>
      </div>
    </div>
  </body>,
  "container": <div>
    <div
      style="padding: .5rem; max-width: 100%;"
    >
      <div
        style="display: flex; align-items: center; gap: .5rem;"
      >
        <strong
          style="font-size: 1rem;"
        >
          Something went wrong!
        </strong>
        <button
          style="appearance: none; font-size: .6em; border: 1px solid currentcolor; padding: .1rem .2rem; font-weight: bold; border-radius: .25rem;"
        >
          Hide Error
        </button>
      </div>
      <div
        style="height: .25rem;"
      />
      <div>
        <pre
          style="font-size: .7em; border: 1px solid red; border-radius: .25rem; padding: .3rem; color: red; overflow: auto;"
        >
          <code>
            window.matchMedia is not a function
          </code>
        </pre>
      </div>
    </div>
  </div>,
  "debug": [Function],
  "findAllByAltText": [Function],
  "findAllByDisplayValue": [Function],
  "findAllByLabelText": [Function],
  "findAllByPlaceholderText": [Function],
  "findAllByRole": [Function],
  "findAllByTestId": [Function],
  "findAllByText": [Function],
  "findAllByTitle": [Function],
  "findByAltText": [Function],
  "findByDisplayValue": [Function],
  "findByLabelText": [Function],
  "findByPlaceholderText": [Function],
  "findByRole": [Function],
  "findByTestId": [Function],
  "findByText": [Function],
  "findByTitle": [Function],
  "getAllByAltText": [Function],
  "getAllByDisplayValue": [Function],
  "getAllByLabelText": [Function],
  "getAllByPlaceholderText": [Function],
  "getAllByRole": [Function],
  "getAllByTestId": [Function],
  "getAllByText": [Function],
  "getAllByTitle": [Function],
  "getByAltText": [Function],
  "getByDisplayValue": [Function],
  "getByLabelText": [Function],
  "getByPlaceholderText": [Function],
  "getByRole": [Function],
  "getByTestId": [Function],
  "getByText": [Function],
  "getByTitle": [Function],
  "queryAllByAltText": [Function],
  "queryAllByDisplayValue": [Function],
  "queryAllByLabelText": [Function],
  "queryAllByPlaceholderText": [Function],
  "queryAllByRole": [Function],
  "queryAllByTestId": [Function],
  "queryAllByText": [Function],
  "queryAllByTitle": [Function],
  "queryByAltText": [Function],
  "queryByDisplayValue": [Function],
  "queryByLabelText": [Function],
  "queryByPlaceholderText": [Function],
  "queryByRole": [Function],
  "queryByTestId": [Function],
  "queryByText": [Function],
  "queryByTitle": [Function],
  "rerender": [Function],
  "unmount": [Function],
}
`;
